(node:7) ExperimentalWarning: `--experimental-loader` may be removed in the future; instead use `register()`:
--import 'data:text/javascript,import { register } from "node:module"; import { pathToFileURL } from "node:url"; register("/workspace/sites/last-light-bay/scripts/control/ts-resolve.mjs", pathToFileURL("./"));'
(Use `node --trace-warnings ...` to show where the warning was created)
THREE.WebGLRenderer: KHR_parallel_shader_compile extension not supported.
(node:7) [MODULE_TYPELESS_PACKAGE_JSON] Warning: Module type of file:///workspace/scratch/2b912ce37941/native-render/layered-cloud-study/atmosphere-low-cumulus-runtime.ts is not specified and it doesn't parse as CommonJS.
Reparsing as ES module because module syntax was detected. This incurs a performance overhead.
To eliminate this warning, add "type": "module" to /workspace/scratch/2b912ce37941/native-render/package.json.
(Use `node --trace-warnings ...` to show where the warning was created)
{
  "method": "Native ANGLE production createAtmosphere; sky-only investigation, not browser QA",
  "module": "/workspace/scratch/2b912ce37941/native-render/layered-cloud-study/atmosphere-low-cumulus-runtime.ts",
  "moduleSHA256": "fcf58c0c1d8e6f6fd718da7cf7be9f7b1ccdb69fa77296a8717ee62d75d52ad0",
  "cloudModuleFile": "/workspace/scratch/2b912ce37941/native-render/layered-cloud-study/clouds-low-cumulus-runtime.ts",
  "cloudModuleSHA256": "9091681a52316de60871ffb8d252a27c4e206e8524867573edb79c52ce65278c",
  "width": 640,
  "height": 360,
  "time": 17,
  "camera": {
    "position": [
      10,
      4,
      -28
    ],
    "target": [
      -365,
      80,
      -940
    ],
    "fov": 54
  },
  "shaderErrors": [],
  "glError": 0,
  "renderMilliseconds": 8369,
  "renderer": "ANGLE (Mesa, llvmpipe (LLVM 20.1.2 256 bits), OpenGL ES 3.2 Mesa 25.2.8-0ubuntu0.24.04.2)"
}
