npm warn Unknown env config "http-proxy". This will stop working in the next major version of npm.

> last-light-bay@0.1.0 preverify:build
> node recovery/restore-assets.mjs

ASSET_RESTORE_PASS {"files":38,"restored":0}

> last-light-bay@0.1.0 verify:build
> npm run lint && npm run test && npm run check:assets && npm run check:world && npm run build

npm warn Unknown env config "http-proxy". This will stop working in the next major version of npm.

> last-light-bay@0.1.0 lint
> node scripts/control/source-check.mjs

SOURCE_CHECK_PASS: 58 files; no hotlinks or unseeded randomness
npm warn Unknown env config "http-proxy". This will stop working in the next major version of npm.

> last-light-bay@0.1.0 test
> node --experimental-strip-types --loader ./scripts/control/ts-resolve.mjs --test src/world/math.test.ts src/camera/cinematic.test.ts src/world/lod.test.ts src/world/coastal.test.ts src/world/coastal-field.test.ts src/world/terrain-surface.test.ts src/world/rock-shelter.test.ts src/app/capture-state.test.ts src/render/embedded-image-pool.test.ts recovery/restore-assets.test.mjs

(node:70) ExperimentalWarning: `--experimental-loader` may be removed in the future; instead use `register()`:
--import 'data:text/javascript,import { register } from "node:module"; import { pathToFileURL } from "node:url"; register("./scripts/control/ts-resolve.mjs", pathToFileURL("./")); register("./scripts/control/ts-resolve.mjs", pathToFileURL("./"));'
(Use `node --trace-warnings ...` to show where the warning was created)
✔ fresh deployment restores every real asset exactly, is idempotent and preserves edits (15784.383452ms)
✔ asset recovery rejects a symlink destination without writing through it (2.58866ms)
✔ ZIP parser rejects missing/truncated directories (1.248416ms)
(node:71) ExperimentalWarning: `--experimental-loader` may be removed in the future; instead use `register()`:
--import 'data:text/javascript,import { register } from "node:module"; import { pathToFileURL } from "node:url"; register("./scripts/control/ts-resolve.mjs", pathToFileURL("./")); register("./scripts/control/ts-resolve.mjs", pathToFileURL("./"));'
(Use `node --trace-warnings ...` to show where the warning was created)
✔ invalid external timestamps never enter the cinematic or GPU uniforms (7.978594ms)
✔ capture size rejects allocations outside actual device limits (5.46804ms)
(node:72) ExperimentalWarning: `--experimental-loader` may be removed in the future; instead use `register()`:
--import 'data:text/javascript,import { register } from "node:module"; import { pathToFileURL } from "node:url"; register("./scripts/control/ts-resolve.mjs", pathToFileURL("./")); register("./scripts/control/ts-resolve.mjs", pathToFileURL("./"));'
(Use `node --trace-warnings ...` to show where the warning was created)
✔ route starts above highest surveyed summit and finishes seaward (379.962608ms)
✔ flight has finite positions, no terrain clipping, C1 velocity at every phase boundary (80.411298ms)
✔ conservative tree envelopes keep the flight corridor clear (4900.13128ms)
✔ all 16 evaluation cameras are distinct and above terrain (1.197994ms)
✔ cinematic gaze avoids the abrupt beach-turn pan and uses the intended lens (150.233658ms)
(node:73) ExperimentalWarning: `--experimental-loader` may be removed in the future; instead use `register()`:
--import 'data:text/javascript,import { register } from "node:module"; import { pathToFileURL } from "node:url"; register("./scripts/control/ts-resolve.mjs", pathToFileURL("./")); register("./scripts/control/ts-resolve.mjs", pathToFileURL("./"));'
(Use `node --trace-warnings ...` to show where the warning was created)
✔ alpha filtering shares derived pixels but preserves per-texture sampling (27.109276ms)
✔ equal encoded images share storage without merging sampler or colour-space state (9.156375ms)
(node:74) ExperimentalWarning: `--experimental-loader` may be removed in the future; instead use `register()`:
--import 'data:text/javascript,import { register } from "node:module"; import { pathToFileURL } from "node:url"; register("./scripts/control/ts-resolve.mjs", pathToFileURL("./")); register("./scripts/control/ts-resolve.mjs", pathToFileURL("./"));'
(Use `node --trace-warnings ...` to show where the warning was created)
✔ coastal atlas preserves transformed rock surfaces and waterline distance (11088.381809ms)
(node:75) ExperimentalWarning: `--experimental-loader` may be removed in the future; instead use `register()`:
--import 'data:text/javascript,import { register } from "node:module"; import { pathToFileURL } from "node:url"; register("./scripts/control/ts-resolve.mjs", pathToFileURL("./")); register("./scripts/control/ts-resolve.mjs", pathToFileURL("./"));'
(Use `node --trace-warnings ...` to show where the warning was created)
✔ a shallow crest travels inland and along the shoreline normal (2.66793ms)
✔ swash velocity agrees with displacement in both advance and retreat (7.940208ms)
✔ sand retains moisture behind a retreating wave, without wetting unreached sand (20.966214ms)
(node:86) ExperimentalWarning: `--experimental-loader` may be removed in the future; instead use `register()`:
--import 'data:text/javascript,import { register } from "node:module"; import { pathToFileURL } from "node:url"; register("./scripts/control/ts-resolve.mjs", pathToFileURL("./")); register("./scripts/control/ts-resolve.mjs", pathToFileURL("./"));'
(Use `node --trace-warnings ...` to show where the warning was created)
✔ LOD coverage conserves opacity at every distance (87.002249ms)
✔ cell culling never hides a contributing tree LOD (243.313644ms)
✔ LOD weights and first derivative meet continuously at threshold boundaries (0.599179ms)
(node:133) ExperimentalWarning: `--experimental-loader` may be removed in the future; instead use `register()`:
--import 'data:text/javascript,import { register } from "node:module"; import { pathToFileURL } from "node:url"; register("./scripts/control/ts-resolve.mjs", pathToFileURL("./")); register("./scripts/control/ts-resolve.mjs", pathToFileURL("./"));'
(Use `node --trace-warnings ...` to show where the warning was created)
✔ determinism and seed separation (21.119456ms)
✔ coastline continuous, seabed continues, terrain never NaN (1604.752871ms)
✔ summit scale and asymmetric bay (0.448759ms)
(node:139) ExperimentalWarning: `--experimental-loader` may be removed in the future; instead use `register()`:
--import 'data:text/javascript,import { register } from "node:module"; import { pathToFileURL } from "node:url"; register("./scripts/control/ts-resolve.mjs", pathToFileURL("./")); register("./scripts/control/ts-resolve.mjs", pathToFileURL("./"));'
(Use `node --trace-warnings ...` to show where the warning was created)
✔ rock lee is downstream, bounded, recovers and follows wave direction (116.188098ms)
(node:140) ExperimentalWarning: `--experimental-loader` may be removed in the future; instead use `register()`:
--import 'data:text/javascript,import { register } from "node:module"; import { pathToFileURL } from "node:url"; register("./scripts/control/ts-resolve.mjs", pathToFileURL("./")); register("./scripts/control/ts-resolve.mjs", pathToFileURL("./"));'
(Use `node --trace-warnings ...` to show where the warning was created)
✔ cached coastal samples remain bit-identical to uncached barycentric heights (358.97979ms)
✔ water contact height agrees with actual rendered terrain triangles (1275.466214ms)
ℹ tests 25
ℹ suites 0
ℹ pass 25
ℹ fail 0
ℹ cancelled 0
ℹ skipped 0
ℹ todo 0
ℹ duration_ms 19991.64061
npm warn Unknown env config "http-proxy". This will stop working in the next major version of npm.

> last-light-bay@0.1.0 check:assets
> python3 scripts/control/check-assets.py

ASSET_CHECK_PASS: 38 vendored files; checksums, CC0 sources, embedded GLB resources and leaf alpha verified
npm warn Unknown env config "http-proxy". This will stop working in the next major version of npm.

> last-light-bay@0.1.0 check:world
> node --experimental-strip-types --loader ./scripts/control/ts-resolve.mjs scripts/control/check-world.mjs

(node:187) ExperimentalWarning: `--experimental-loader` may be removed in the future; instead use `register()`:
--import 'data:text/javascript,import { register } from "node:module"; import { pathToFileURL } from "node:url"; register("./scripts/control/ts-resolve.mjs", pathToFileURL("./"));'
(Use `node --trace-warnings ...` to show where the warning was created)
WORLD_CPU_PASS {"trees":14000,"instances":51508,"geometries":89,"offshoreRocks":37,"fieldSha256":"6fbe6e10c4769b2d2fd00c3a8219d2816194189327fc01394ee831cc1234de11"}
npm warn Unknown env config "http-proxy". This will stop working in the next major version of npm.

> last-light-bay@0.1.0 prebuild
> node recovery/restore-assets.mjs

ASSET_RESTORE_PASS {"files":38,"restored":0}

> last-light-bay@0.1.0 build
> tsc --noEmit && vite build

vite v8.2.2 building client environment for production...
transforming...
✓ 57 modules transformed.
rendering chunks...
computing gzip size...
dist/index.html                           1.71 kB │ gzip:   0.82 kB
dist/assets/coastal-worker-CQtzMMeL.js  187.50 kB
dist/assets/index-y4oHzDzR.css            3.20 kB │ gzip:   1.26 kB
dist/assets/index-FLXP4NCA.js           784.07 kB │ gzip: 216.85 kB

✓ built in 4.63s
[plugin builtin:vite-reporter] 
(!) Some chunks are larger than 500 kB after minification. Consider:
- Using dynamic import() to code-split the application
- Use build.rolldownOptions.output.codeSplitting to improve chunking: https://rolldown.rs/reference/OutputOptions.codeSplitting
- Adjust chunk size limit for this warning via build.chunkSizeWarningLimit.
[33m[PLUGIN_TIMINGS] [0mPlugin hooks ran for 3.1s of this 4.5s build (68%).
The slowest hooks, timed inside each callback (the wait before a callback starts is excluded, the time it awaits is included):
  - vite:worker-import-meta-url transform (52%, 2.4s, 1 call)
Additional hook time came from hooks under 1s.
See https://rolldown.rs/reference/InputOptions.checks#plugintimings for more details.

