npm warn Unknown env config "http-proxy". This will stop working in the next major version of npm.

> last-light-bay@0.1.0 preverify:build
> node recovery/restore-assets.mjs

ASSET_RESTORE_PASS {"files":38,"restored":0}

> last-light-bay@0.1.0 verify:build
> npm run lint && npm run test && npm run check:assets && npm run check:world && npm run build

npm warn Unknown env config "http-proxy". This will stop working in the next major version of npm.

> last-light-bay@0.1.0 lint
> node scripts/control/source-check.mjs

SOURCE_CHECK_PASS: 59 files; no hotlinks or unseeded randomness
npm warn Unknown env config "http-proxy". This will stop working in the next major version of npm.

> last-light-bay@0.1.0 test
> node --experimental-strip-types --loader ./scripts/control/ts-resolve.mjs --test src/world/math.test.ts src/camera/cinematic.test.ts src/world/lod.test.ts src/world/coastal.test.ts src/world/coastal-field.test.ts src/world/terrain-surface.test.ts src/world/rock-shelter.test.ts src/app/capture-state.test.ts src/render/embedded-image-pool.test.ts recovery/restore-assets.test.mjs

(node:70) ExperimentalWarning: `--experimental-loader` may be removed in the future; instead use `register()`:
--import 'data:text/javascript,import { register } from "node:module"; import { pathToFileURL } from "node:url"; register("./scripts/control/ts-resolve.mjs", pathToFileURL("./")); register("./scripts/control/ts-resolve.mjs", pathToFileURL("./"));'
(Use `node --trace-warnings ...` to show where the warning was created)
✔ fresh deployment restores every real asset exactly, is idempotent and preserves edits (13491.504917ms)
✔ asset recovery rejects a symlink destination without writing through it (5.91033ms)
✔ ZIP parser rejects missing/truncated directories (1.32612ms)
(node:71) ExperimentalWarning: `--experimental-loader` may be removed in the future; instead use `register()`:
--import 'data:text/javascript,import { register } from "node:module"; import { pathToFileURL } from "node:url"; register("./scripts/control/ts-resolve.mjs", pathToFileURL("./")); register("./scripts/control/ts-resolve.mjs", pathToFileURL("./"));'
(Use `node --trace-warnings ...` to show where the warning was created)
✔ invalid external timestamps never enter the cinematic or GPU uniforms (6.515376ms)
✔ capture size rejects allocations outside actual device limits (5.445638ms)
(node:72) ExperimentalWarning: `--experimental-loader` may be removed in the future; instead use `register()`:
--import 'data:text/javascript,import { register } from "node:module"; import { pathToFileURL } from "node:url"; register("./scripts/control/ts-resolve.mjs", pathToFileURL("./")); register("./scripts/control/ts-resolve.mjs", pathToFileURL("./"));'
(Use `node --trace-warnings ...` to show where the warning was created)
✔ route starts above highest surveyed summit and finishes seaward (1284.345393ms)
✔ flight has finite positions, no terrain clipping, C1 velocity at every phase boundary (116.843976ms)
✔ conservative tree envelopes keep the flight corridor clear (7153.658063ms)
✔ all 16 evaluation cameras are distinct and above terrain (1.247138ms)
✔ cinematic gaze avoids the abrupt beach-turn pan and uses the intended lens (52.850853ms)
(node:73) ExperimentalWarning: `--experimental-loader` may be removed in the future; instead use `register()`:
--import 'data:text/javascript,import { register } from "node:module"; import { pathToFileURL } from "node:url"; register("./scripts/control/ts-resolve.mjs", pathToFileURL("./")); register("./scripts/control/ts-resolve.mjs", pathToFileURL("./"));'
(Use `node --trace-warnings ...` to show where the warning was created)
✔ alpha filtering shares derived pixels but preserves per-texture sampling (13.998257ms)
✔ equal encoded images share storage without merging sampler or colour-space state (17.541463ms)
(node:74) ExperimentalWarning: `--experimental-loader` may be removed in the future; instead use `register()`:
--import 'data:text/javascript,import { register } from "node:module"; import { pathToFileURL } from "node:url"; register("./scripts/control/ts-resolve.mjs", pathToFileURL("./")); register("./scripts/control/ts-resolve.mjs", pathToFileURL("./"));'
(Use `node --trace-warnings ...` to show where the warning was created)
✔ coastal atlas preserves transformed rock surfaces and waterline distance (15611.692344ms)
(node:81) ExperimentalWarning: `--experimental-loader` may be removed in the future; instead use `register()`:
--import 'data:text/javascript,import { register } from "node:module"; import { pathToFileURL } from "node:url"; register("./scripts/control/ts-resolve.mjs", pathToFileURL("./")); register("./scripts/control/ts-resolve.mjs", pathToFileURL("./"));'
(Use `node --trace-warnings ...` to show where the warning was created)
✔ a shallow crest travels inland and along the shoreline normal (3.462524ms)
✔ swash velocity agrees with displacement in both advance and retreat (1.114083ms)
✔ sand retains moisture behind a retreating wave, without wetting unreached sand (8.734606ms)
(node:86) ExperimentalWarning: `--experimental-loader` may be removed in the future; instead use `register()`:
--import 'data:text/javascript,import { register } from "node:module"; import { pathToFileURL } from "node:url"; register("./scripts/control/ts-resolve.mjs", pathToFileURL("./")); register("./scripts/control/ts-resolve.mjs", pathToFileURL("./"));'
(Use `node --trace-warnings ...` to show where the warning was created)
✔ LOD coverage conserves opacity at every distance (40.976198ms)
✔ cell culling never hides a contributing tree LOD (259.472186ms)
✔ LOD weights and first derivative meet continuously at threshold boundaries (0.778304ms)
(node:133) ExperimentalWarning: `--experimental-loader` may be removed in the future; instead use `register()`:
--import 'data:text/javascript,import { register } from "node:module"; import { pathToFileURL } from "node:url"; register("./scripts/control/ts-resolve.mjs", pathToFileURL("./")); register("./scripts/control/ts-resolve.mjs", pathToFileURL("./"));'
(Use `node --trace-warnings ...` to show where the warning was created)
✔ determinism and seed separation (23.59708ms)
✔ coastline continuous, seabed continues, terrain never NaN (1898.127251ms)
✔ summit scale and asymmetric bay (0.533233ms)
(node:139) ExperimentalWarning: `--experimental-loader` may be removed in the future; instead use `register()`:
--import 'data:text/javascript,import { register } from "node:module"; import { pathToFileURL } from "node:url"; register("./scripts/control/ts-resolve.mjs", pathToFileURL("./")); register("./scripts/control/ts-resolve.mjs", pathToFileURL("./"));'
(Use `node --trace-warnings ...` to show where the warning was created)
✔ rock lee is downstream, bounded, recovers and follows wave direction (63.777681ms)
(node:140) ExperimentalWarning: `--experimental-loader` may be removed in the future; instead use `register()`:
--import 'data:text/javascript,import { register } from "node:module"; import { pathToFileURL } from "node:url"; register("./scripts/control/ts-resolve.mjs", pathToFileURL("./")); register("./scripts/control/ts-resolve.mjs", pathToFileURL("./"));'
(Use `node --trace-warnings ...` to show where the warning was created)
✔ cached coastal samples remain bit-identical to uncached barycentric heights (270.094541ms)
✔ water contact height agrees with actual rendered terrain triangles (651.664291ms)
ℹ tests 25
ℹ suites 0
ℹ pass 25
ℹ fail 0
ℹ cancelled 0
ℹ skipped 0
ℹ todo 0
ℹ duration_ms 19842.361154
npm warn Unknown env config "http-proxy". This will stop working in the next major version of npm.

> last-light-bay@0.1.0 check:assets
> python3 scripts/control/check-assets.py

ASSET_CHECK_PASS: 38 vendored files; checksums, CC0 sources, embedded GLB resources and leaf alpha verified
npm warn Unknown env config "http-proxy". This will stop working in the next major version of npm.

> last-light-bay@0.1.0 check:world
> node --experimental-strip-types --loader ./scripts/control/ts-resolve.mjs scripts/control/check-world.mjs

(node:187) ExperimentalWarning: `--experimental-loader` may be removed in the future; instead use `register()`:
--import 'data:text/javascript,import { register } from "node:module"; import { pathToFileURL } from "node:url"; register("./scripts/control/ts-resolve.mjs", pathToFileURL("./"));'
(Use `node --trace-warnings ...` to show where the warning was created)
WORLD_CPU_PASS {"trees":14000,"instances":51492,"geometries":95,"offshoreRocks":37,"fieldSha256":"6ba812adc87ba3466088173ca63ed2e48969daee991ba836cc23a641b14b4904"}
npm warn Unknown env config "http-proxy". This will stop working in the next major version of npm.

> last-light-bay@0.1.0 prebuild
> node recovery/restore-assets.mjs

ASSET_RESTORE_PASS {"files":38,"restored":0}

> last-light-bay@0.1.0 build
> tsc --noEmit && vite build

vite v8.2.2 building client environment for production...
transforming...
✓ 58 modules transformed.
rendering chunks...
computing gzip size...
dist/index.html                           1.71 kB │ gzip:   0.82 kB
dist/assets/coastal-worker-Df4ogQo_.js  191.39 kB
dist/assets/index-y4oHzDzR.css            3.20 kB │ gzip:   1.26 kB
dist/assets/index-C7gXZpcl.js           790.90 kB │ gzip: 220.00 kB

✓ built in 3.96s
[plugin builtin:vite-reporter] 
(!) Some chunks are larger than 500 kB after minification. Consider:
- Using dynamic import() to code-split the application
- Use build.rolldownOptions.output.codeSplitting to improve chunking: https://rolldown.rs/reference/OutputOptions.codeSplitting
- Adjust chunk size limit for this warning via build.chunkSizeWarningLimit.
